[2026-10-04 16:29:45,460] 20 src.exception - ERROR -Error occured in python script: [C:\Users\Ayush\OneDrive\Desktop\WORKSHOP\nlp_pretrained\ner_tagger.py]at line number: [17]with error message: [
**********************************************************************
  Resource 'maxent_ne_chunker_tab' not found.
  Please use the NLTK Downloader to obtain the resource:

  >>> import nltk
  >>> nltk.download('maxent_ne_chunker_tab')

  For more information see: https://www.nltk.org/data.html

  Attempted to load 'chunkers/maxent_ne_chunker_tab/english_ace_multiclass/'

  Searched in:
    - 'C:\\Users\\Ayush/nltk_data'
    - 'C:\\Users\\Ayush\\OneDrive\\Desktop\\WORKSHOP\\.venv\\nltk_data'
    - 'C:\\Users\\Ayush\\OneDrive\\Desktop\\WORKSHOP\\.venv\\share\\nltk_data'
    - 'C:\\Users\\Ayush\\OneDrive\\Desktop\\WORKSHOP\\.venv\\lib\\nltk_data'
    - 'C:\\Users\\Ayush\\AppData\\Roaming\\nltk_data'
    - 'C:\\nltk_data'
    - 'D:\\nltk_data'
    - 'E:\\nltk_data'
    - 'C:\\Users\\Ayush\\AppData\\Roaming\\nltk_data\\taggers\\averaged_perceptron_tagger_eng'
**********************************************************************
]
[2026-10-04 16:29:45,461] 152 main - INFO -Error occured in pretrained nlp analysis
[2026-10-04 16:30:06,788] 20 src.exception - ERROR -Error occured in python script: [C:\Users\Ayush\OneDrive\Desktop\WORKSHOP\nlp_pretrained\ner_tagger.py]at line number: [17]with error message: [
**********************************************************************
  Resource 'maxent_ne_chunker_tab' not found.
  Please use the NLTK Downloader to obtain the resource:

  >>> import nltk
  >>> nltk.download('maxent_ne_chunker_tab')

  For more information see: https://www.nltk.org/data.html

  Attempted to load 'chunkers/maxent_ne_chunker_tab/english_ace_multiclass/'

  Searched in:
    - 'C:\\Users\\Ayush/nltk_data'
    - 'C:\\Users\\Ayush\\OneDrive\\Desktop\\WORKSHOP\\.venv\\nltk_data'
    - 'C:\\Users\\Ayush\\OneDrive\\Desktop\\WORKSHOP\\.venv\\share\\nltk_data'
    - 'C:\\Users\\Ayush\\OneDrive\\Desktop\\WORKSHOP\\.venv\\lib\\nltk_data'
    - 'C:\\Users\\Ayush\\AppData\\Roaming\\nltk_data'
    - 'C:\\nltk_data'
    - 'D:\\nltk_data'
    - 'E:\\nltk_data'
    - 'C:\\Users\\Ayush\\AppData\\Roaming\\nltk_data\\taggers\\averaged_perceptron_tagger_eng'
**********************************************************************
]
[2026-10-04 16:30:06,789] 152 main - INFO -Error occured in pretrained nlp analysis
